entry 0x40080694
[0;32mI (27) boot: ESP-IDF v4.4.3-dirty 2nd stage bootloader[0m
[0;32mI (27) boot: compile time 22:27:15[0m
[0;32mI (27) boot: chip revision: 3[0m
[0;32mI (31) boot_comm: chip revision: 3, min. bootloader chip revision: 0[0m
[0;32mI (38) boot.esp32: SPI Speed      : 40MHz[0m
[0;32mI (42) boot.esp32: SPI Mode       : DIO[0m
[0;32mI (47) boot.esp32: SPI Flash Size : 4MB[0m
[0;32mI (51) boot: Enabling RNG early entropy source...[0m
[0;32mI (57) boot: Partition Table:[0m
[0;32mI (60) boot: ## Label            Usage          Type ST Offset   Length[0m
[0;32mI (68) boot:  0 nvs              WiFi data        01 02 00009000 00006000[0m
[0;32mI (75) boot:  1 phy_init         RF data          01 01 0000f000 00001000[0m
[0;32mI (83) boot:  2 factory          factory app      00 00 00010000 00100000[0m
[0;32mI (90) boot: End of partition table[0m
[0;32mI (94) boot_comm: chip revision: 3, min. application chip revision: 0[0m
[0;32mI (101) esp_image: segment 0: paddr=00010020 vaddr=3f400020 size=08b74h ( 35700) map[0m
[0;32mI (123) esp_image: segment 1: paddr=00018b9c vaddr=3ffb0000 size=02330h (  9008) load[0m
[0;32mI (127) esp_image: segment 2: paddr=0001aed4 vaddr=40080000 size=05144h ( 20804) load[0m
[0;32mI (138) esp_image: segment 3: paddr=00020020 vaddr=400d0020 size=15f88h ( 89992) map[0m
[0;32mI (171) esp_image: segment 4: paddr=00035fb0 vaddr=40085144 size=06758h ( 26456) load[0m
[0;32mI (182) esp_image: segment 5: paddr=0003c710 vaddr=50000000 size=00010h (    16) load[0m
[0;32mI (188) boot: Loaded app from partition at offset 0x10000[0m
[0;32mI (188) boot: Disabling RNG early entropy source...[0m
[0;32mI (202) cpu_start: Pro cpu up.[0m
[0;32mI (202) cpu_start: Starting app cpu, entry point is 0x40081034[0m
[0;32mI (0) cpu_start: App cpu up.[0m
[0;32mI (216) cpu_start: Pro cpu start user code[0m
[0;32mI (216) cpu_start: cpu freq: 160000000[0m
[0;32mI (216) cpu_start: Application information:[0m
[0;32mI (221) cpu_start: Project name:     hello_world[0m
[0;32mI (226) cpu_start: App version:      1[0m
[0;32mI (230) cpu_start: Compile time:     Nov 21 2022 22:26:54[0m
[0;32mI (236) cpu_start: ELF file SHA256:  de9db9a5e58dd4b7...[0m
[0;32mI (242) cpu_start: ESP-IDF:          v4.4.3-dirty[0m
[0;32mI (248) heap_init: Initializing. RAM available for dynamic allocation:[0m
[0;32mI (255) heap_init: At 3FFAE6E0 len 00001920 (6 KiB): DRAM[0m
[0;32mI (261) heap_init: At 3FFB2C28 len 0002D3D8 (180 KiB): DRAM[0m
[0;32mI (267) heap_init: At 3FFE0440 len 00003AE0 (14 KiB): D/IRAM[0m
[0;32mI (274) heap_init: At 3FFE4350 len 0001BCB0 (111 KiB): D/IRAM[0m
[0;32mI (280) heap_init: At 4008B89C len 00014764 (81 KiB): IRAM[0m
[0;32mI (288) spi_flash: detected chip: generic[0m
[0;32mI (291) spi_flash: flash io: dio[0m
[0;32mI (296) cpu_start: Starting scheduler on PRO CPU.[0m
[0;32mI (0) cpu_start: Starting scheduler on APP CPU.[0m
[0;32mI (306) gpio: GPIO[0]| InputEn: 0| OutputEn: 0| OpenDrain: 0| Pullup: 1| Pulldown: 0| Intr:0 [0m
Tick: 0010, ID: 1
Tick: 0060, ID: 4
Tick: 0110, ID: 3
Tick: 0150, ID: 2
Tick: 0210, ID: 1
Tick: 0460, ID: 4
Tick: 0510, ID: 3
Tick: 0560, ID: 2
Tick: 0610, ID: 1
Tick: 0910, ID: 4
Tick: 0960, ID: 3
Tick: 1010, ID: 2
Tick: 1060, ID: 1